bash scripts/run.sh --video "data/raw/room3.mp4"   --matching-method exhaustive --num-frames-target 500
[16:53:58] 
[16:53:58] ===================== WorldMind run =====================
[16:53:58] scene_id:        room3
[16:53:58] input video:     /home/afthabshiraz/WorldMind/data/raw/room3.mp4
[16:53:58] profile:         full
[16:53:58] [skip-train:     0]
[16:53:58] =========================================================
[16:53:58] 
[16:53:58] === [1/3] frames + COLMAP ===
[16:53:58] scene:       room3
[16:53:58] input:       /home/afthabshiraz/WorldMind/data/raw/room3.mp4
[16:53:58] outdir:      /home/afthabshiraz/WorldMind/data/scenes/room3
[16:53:58] dimensions:  848 x 478
[16:53:58] focal:       602.1 px  (cx=424.0, cy=239.0)
[16:53:58] matching:    exhaustive
[16:53:58] frames tgt:  500
[16:53:58] 1/5 extracting frames
[16:53:58]   nb_frames=2736 stride=5  (will yield ~547 frames)
[16:54:00]   extracted 548 frames
[16:54:00] 2/5 colmap feature_extractor (camera_params seeded)
[16:54:03]   done
[16:54:03] 3/5 colmap exhaustive_matcher
[16:54:03]   done
[16:54:03] 4/5 colmap mapper (this is the slow stage)
make: *** [Makefile:26: run] Error 1
